exports[`Button renders correctly 1`] = `
<button
  class="ezmfVo">
  Text
</button>
`;
