exports[`Container renders correctly 1`] = `
<div
  class="gxdDjU">
  Text
</div>
`;
