exports[`ContextMenu renders correctly 1`] = `
<div
  class="lmwhNa">
  <button
    value="Menu Item 1">
    Menu Item 1
  </button>
  <button
    value="Menu Item 2">
    Menu Item 2
  </button>
  <button
    value="Menu Item 3">
    Menu Item 3
  </button>
</div>
`;

